
C:\Users\fecep\clave-salud\components\ClinicalReportModal.tsx
  828:17  error  Unnecessary escape character: \:  no-useless-escape

C:\Users\fecep\clave-salud\components\SuperAdminDashboard.tsx
  578:15  error  Empty block statement  no-empty

C:\Users\fecep\clave-salud\features\superadmin\components\SuperAdminCenters.tsx
  364:33  error  Empty block statement  no-empty
  402:37  error  Empty block statement  no-empty

C:\Users\fecep\clave-salud\hooks\useAuth.ts
  580:13  error  Empty block statement  no-empty
  607:13  error  Empty block statement  no-empty

C:\Users\fecep\clave-salud\scripts\migrate-care-team.js
  13:15  error  Require statement not part of import statement  @typescript-eslint/no-var-requires
  14:24  error  Require statement not part of import statement  @typescript-eslint/no-var-requires

C:\Users\fecep\clave-salud\scripts\migrate_encrypt_tokens.js
  15:33  error  Require statement not part of import statement  @typescript-eslint/no-var-requires
  16:26  error  Require statement not part of import statement  @typescript-eslint/no-var-requires
  17:16  error  Require statement not part of import statement  @typescript-eslint/no-var-requires
  56:36  error  Require statement not part of import statement  @typescript-eslint/no-var-requires

C:\Users\fecep\clave-salud\scripts\refactor_dashboard.js
  1:12  error  Require statement not part of import statement  @typescript-eslint/no-var-requires

C:\Users\fecep\clave-salud\scripts\verify_audit_trace.js
  7:33  error  Require statement not part of import statement  @typescript-eslint/no-var-requires
  8:26  error  Require statement not part of import statement  @typescript-eslint/no-var-requires

C:\Users\fecep\clave-salud\scripts\verify_tenant_isolation.js
  7:33  error  Require statement not part of import statement  @typescript-eslint/no-var-requires
  8:26  error  Require statement not part of import statement  @typescript-eslint/no-var-requires

C:\Users\fecep\clave-salud\utils\formatters.ts
  67:37  error  Unnecessary escape character: \(                             no-useless-escape
  67:39  error  Unnecessary escape character: \)                             no-useless-escape
  85:23  error  Unexpected control character(s) in regular expression: \x00  no-control-regex

Ô£û 20 problems (20 errors, 0 warnings)

