[dotenv@17.3.1] injecting env (16) from .env.test -- tip: ÔÜí´©Å secrets for agents: https://dotenvx.com/as2

Running 2 tests using 1 worker

[1A[2K[dotenv@17.3.1] injecting env (0) from .env.test -- tip: ­ƒöÉ encrypt with Dotenvx: https://dotenvx.com

[1A[2K[1/2] [admin-tests] ÔÇ║ tests\admin\full-audit.spec.ts:22:5 ÔÇ║ Core Authentication & Dashboards ÔÇ║ E2E-02: Login Profesional + dashboard
[1A[2K  1) [admin-tests] ÔÇ║ tests\admin\full-audit.spec.ts:22:5 ÔÇ║ Core Authentication & Dashboards ÔÇ║ E2E-02: Login Profesional + dashboard 

    Error: [2mexpect([22m[31mlocator[39m[2m).[22mtoBeVisible[2m([22m[2m)[22m failed

    Locator: locator('[data-testid="doctor-tab-agenda"]')
    Expected: visible
    Timeout: 10000ms
    Error: element(s) not found

    Call log:
    [2m  - Expect "toBeVisible" with timeout 10000ms[22m
    [2m  - waiting for locator('[data-testid="doctor-tab-agenda"]')[22m


      26 |         await page.getByRole("button", { name: /^Ingresar$/i }).click();
      27 |         await expect(page.locator('[data-testid="doctor-tab-bar"]')).toBeVisible();
    > 28 |         await expect(page.locator('[data-testid="doctor-tab-agenda"]')).toBeVisible();
         |                                                                         ^
      29 |     });
      30 |
      31 |     test("E2E-05: Ruta directa sin sesi├│n", async ({ page }) => {
        at C:\Users\fecep\clave-salud\tests\admin\full-audit.spec.ts:28:73

    attachment #1: screenshot (image/png) ÔöÇÔöÇÔöÇÔöÇÔöÇÔöÇÔöÇÔöÇÔöÇÔöÇÔöÇÔöÇÔöÇÔöÇÔöÇÔöÇÔöÇÔöÇÔöÇÔöÇÔöÇÔöÇÔöÇÔöÇÔöÇÔöÇÔöÇÔöÇÔöÇÔöÇÔöÇÔöÇÔöÇÔöÇÔöÇÔöÇÔöÇÔöÇÔöÇÔöÇÔöÇÔöÇÔöÇÔöÇÔöÇÔöÇÔöÇÔöÇÔöÇÔöÇÔöÇÔöÇÔöÇÔöÇÔöÇÔöÇÔöÇÔöÇ
    test-results\full-audit-Core-Authentica-16e88-Login-Profesional-dashboard-admin-tests\test-failed-1.png
    ÔöÇÔöÇÔöÇÔöÇÔöÇÔöÇÔöÇÔöÇÔöÇÔöÇÔöÇÔöÇÔöÇÔöÇÔöÇÔöÇÔöÇÔöÇÔöÇÔöÇÔöÇÔöÇÔöÇÔöÇÔöÇÔöÇÔöÇÔöÇÔöÇÔöÇÔöÇÔöÇÔöÇÔöÇÔöÇÔöÇÔöÇÔöÇÔöÇÔöÇÔöÇÔöÇÔöÇÔöÇÔöÇÔöÇÔöÇÔöÇÔöÇÔöÇÔöÇÔöÇÔöÇÔöÇÔöÇÔöÇÔöÇÔöÇÔöÇÔöÇÔöÇÔöÇÔöÇÔöÇÔöÇÔöÇÔöÇÔöÇÔöÇÔöÇÔöÇÔöÇÔöÇÔöÇÔöÇÔöÇÔöÇÔöÇÔöÇÔöÇÔöÇÔöÇÔöÇÔöÇÔöÇÔöÇÔöÇÔöÇÔöÇÔöÇÔöÇÔöÇÔöÇÔöÇÔöÇÔöÇ

    attachment #2: video (video/webm) ÔöÇÔöÇÔöÇÔöÇÔöÇÔöÇÔöÇÔöÇÔöÇÔöÇÔöÇÔöÇÔöÇÔöÇÔöÇÔöÇÔöÇÔöÇÔöÇÔöÇÔöÇÔöÇÔöÇÔöÇÔöÇÔöÇÔöÇÔöÇÔöÇÔöÇÔöÇÔöÇÔöÇÔöÇÔöÇÔöÇÔöÇÔöÇÔöÇÔöÇÔöÇÔöÇÔöÇÔöÇÔöÇÔöÇÔöÇÔöÇÔöÇÔöÇÔöÇÔöÇÔöÇÔöÇÔöÇÔöÇÔöÇÔöÇÔöÇÔöÇÔöÇÔöÇ
    test-results\full-audit-Core-Authentica-16e88-Login-Profesional-dashboard-admin-tests\video.webm
    ÔöÇÔöÇÔöÇÔöÇÔöÇÔöÇÔöÇÔöÇÔöÇÔöÇÔöÇÔöÇÔöÇÔöÇÔöÇÔöÇÔöÇÔöÇÔöÇÔöÇÔöÇÔöÇÔöÇÔöÇÔöÇÔöÇÔöÇÔöÇÔöÇÔöÇÔöÇÔöÇÔöÇÔöÇÔöÇÔöÇÔöÇÔöÇÔöÇÔöÇÔöÇÔöÇÔöÇÔöÇÔöÇÔöÇÔöÇÔöÇÔöÇÔöÇÔöÇÔöÇÔöÇÔöÇÔöÇÔöÇÔöÇÔöÇÔöÇÔöÇÔöÇÔöÇÔöÇÔöÇÔöÇÔöÇÔöÇÔöÇÔöÇÔöÇÔöÇÔöÇÔöÇÔöÇÔöÇÔöÇÔöÇÔöÇÔöÇÔöÇÔöÇÔöÇÔöÇÔöÇÔöÇÔöÇÔöÇÔöÇÔöÇÔöÇÔöÇÔöÇÔöÇÔöÇÔöÇÔöÇ

    Error Context: test-results\full-audit-Core-Authentica-16e88-Login-Profesional-dashboard-admin-tests\error-context.md


[1A[2K[dotenv@17.3.1] injecting env (0) from .env.test -- tip: ­ƒöÉ prevent committing .env to code: https://dotenvx.com/precommit

[1A[2K[2/2] [admin-tests] ÔÇ║ tests\admin\full-audit.spec.ts:31:5 ÔÇ║ Core Authentication & Dashboards ÔÇ║ E2E-05: Ruta directa sin sesi├│n
[1A[2K  2) [admin-tests] ÔÇ║ tests\admin\full-audit.spec.ts:31:5 ÔÇ║ Core Authentication & Dashboards ÔÇ║ E2E-05: Ruta directa sin sesi├│n 

    Error: [2mexpect([22m[31mlocator[39m[2m).[22mtoBeVisible[2m([22m[2m)[22m failed

    Locator: locator('text=/Bienvenido|Ingresar/')
    Expected: visible
    Timeout: 10000ms
    Error: element(s) not found

    Call log:
    [2m  - Expect "toBeVisible" with timeout 10000ms[22m
    [2m  - waiting for locator('text=/Bienvenido|Ingresar/')[22m


      46 |         // Deber├¡a mostrar el portal p├║blico o pedir login, no el dashboard admin
      47 |         await expect(page.locator('[data-testid="admin-tab-bar"]')).not.toBeVisible();
    > 48 |         await expect(page.locator('text=/Bienvenido|Ingresar/')).toBeVisible();
         |                                                                  ^
      49 |     });
      50 |
      51 |     test("E2E-20: Responsividad cr├¡tica (Mobile Drawer)", async ({ page }) => {
        at C:\Users\fecep\clave-salud\tests\admin\full-audit.spec.ts:48:66

    attachment #1: screenshot (image/png) ÔöÇÔöÇÔöÇÔöÇÔöÇÔöÇÔöÇÔöÇÔöÇÔöÇÔöÇÔöÇÔöÇÔöÇÔöÇÔöÇÔöÇÔöÇÔöÇÔöÇÔöÇÔöÇÔöÇÔöÇÔöÇÔöÇÔöÇÔöÇÔöÇÔöÇÔöÇÔöÇÔöÇÔöÇÔöÇÔöÇÔöÇÔöÇÔöÇÔöÇÔöÇÔöÇÔöÇÔöÇÔöÇÔöÇÔöÇÔöÇÔöÇÔöÇÔöÇÔöÇÔöÇÔöÇÔöÇÔöÇÔöÇÔöÇ
    test-results\full-audit-Core-Authentica-4759a--05-Ruta-directa-sin-sesi├│n-admin-tests\test-failed-1.png
    ÔöÇÔöÇÔöÇÔöÇÔöÇÔöÇÔöÇÔöÇÔöÇÔöÇÔöÇÔöÇÔöÇÔöÇÔöÇÔöÇÔöÇÔöÇÔöÇÔöÇÔöÇÔöÇÔöÇÔöÇÔöÇÔöÇÔöÇÔöÇÔöÇÔöÇÔöÇÔöÇÔöÇÔöÇÔöÇÔöÇÔöÇÔöÇÔöÇÔöÇÔöÇÔöÇÔöÇÔöÇÔöÇÔöÇÔöÇÔöÇÔöÇÔöÇÔöÇÔöÇÔöÇÔöÇÔöÇÔöÇÔöÇÔöÇÔöÇÔöÇÔöÇÔöÇÔöÇÔöÇÔöÇÔöÇÔöÇÔöÇÔöÇÔöÇÔöÇÔöÇÔöÇÔöÇÔöÇÔöÇÔöÇÔöÇÔöÇÔöÇÔöÇÔöÇÔöÇÔöÇÔöÇÔöÇÔöÇÔöÇÔöÇÔöÇÔöÇÔöÇÔöÇÔöÇÔöÇÔöÇ

    attachment #2: video (video/webm) ÔöÇÔöÇÔöÇÔöÇÔöÇÔöÇÔöÇÔöÇÔöÇÔöÇÔöÇÔöÇÔöÇÔöÇÔöÇÔöÇÔöÇÔöÇÔöÇÔöÇÔöÇÔöÇÔöÇÔöÇÔöÇÔöÇÔöÇÔöÇÔöÇÔöÇÔöÇÔöÇÔöÇÔöÇÔöÇÔöÇÔöÇÔöÇÔöÇÔöÇÔöÇÔöÇÔöÇÔöÇÔöÇÔöÇÔöÇÔöÇÔöÇÔöÇÔöÇÔöÇÔöÇÔöÇÔöÇÔöÇÔöÇÔöÇÔöÇÔöÇÔöÇÔöÇ
    test-results\full-audit-Core-Authentica-4759a--05-Ruta-directa-sin-sesi├│n-admin-tests\video.webm
    ÔöÇÔöÇÔöÇÔöÇÔöÇÔöÇÔöÇÔöÇÔöÇÔöÇÔöÇÔöÇÔöÇÔöÇÔöÇÔöÇÔöÇÔöÇÔöÇÔöÇÔöÇÔöÇÔöÇÔöÇÔöÇÔöÇÔöÇÔöÇÔöÇÔöÇÔöÇÔöÇÔöÇÔöÇÔöÇÔöÇÔöÇÔöÇÔöÇÔöÇÔöÇÔöÇÔöÇÔöÇÔöÇÔöÇÔöÇÔöÇÔöÇÔöÇÔöÇÔöÇÔöÇÔöÇÔöÇÔöÇÔöÇÔöÇÔöÇÔöÇÔöÇÔöÇÔöÇÔöÇÔöÇÔöÇÔöÇÔöÇÔöÇÔöÇÔöÇÔöÇÔöÇÔöÇÔöÇÔöÇÔöÇÔöÇÔöÇÔöÇÔöÇÔöÇÔöÇÔöÇÔöÇÔöÇÔöÇÔöÇÔöÇÔöÇÔöÇÔöÇÔöÇÔöÇÔöÇÔöÇ

    Error Context: test-results\full-audit-Core-Authentica-4759a--05-Ruta-directa-sin-sesi├│n-admin-tests\error-context.md


[1A[2K  2 failed
    [admin-tests] ÔÇ║ tests\admin\full-audit.spec.ts:22:5 ÔÇ║ Core Authentication & Dashboards ÔÇ║ E2E-02: Login Profesional + dashboard 
    [admin-tests] ÔÇ║ tests\admin\full-audit.spec.ts:31:5 ÔÇ║ Core Authentication & Dashboards ÔÇ║ E2E-05: Ruta directa sin sesi├│n 

To open last HTML report run:
[36m[39m
[36m  npx playwright show-report[39m
[36m[39m
