check_seed.ts(1,20): error TS2307: Cannot find module './src/firebase' or its corresponding type declarations.
components/PatientForm.tsx(247,31): error TS2339: Property 'snomedCode' does not exist on type '{ id: string; display: string; code: string; system: string; }'.
components/PatientForm.tsx(249,26): error TS2339: Property 'label' does not exist on type '{ id: string; display: string; code: string; system: string; }'.
components/PatientForm.tsx(260,31): error TS2339: Property 'snomedCode' does not exist on type '{ id: string; display: string; code: string; system: string; }'.
components/PatientForm.tsx(262,26): error TS2339: Property 'label' does not exist on type '{ id: string; display: string; code: string; system: string; }'.
components/PatientForm.tsx(584,35): error TS2339: Property 'label' does not exist on type '{ id: string; display: string; code: string; system: string; }'.
components/PatientForm.tsx(628,35): error TS2339: Property 'label' does not exist on type '{ id: string; display: string; code: string; system: string; }'.
functions/src/__tests__/whatsapp-agent.test.ts(34,1): error TS2593: Cannot find name 'describe'. Do you need to install type definitions for a test runner? Try `npm i --save-dev @types/jest` or `npm i --save-dev @types/mocha` and then add 'jest' or 'mocha' to the types field in your tsconfig.
functions/src/__tests__/whatsapp-agent.test.ts(35,3): error TS2593: Cannot find name 'test'. Do you need to install type definitions for a test runner? Try `npm i --save-dev @types/jest` or `npm i --save-dev @types/mocha` and then add 'jest' or 'mocha' to the types field in your tsconfig.
functions/src/__tests__/whatsapp-agent.test.ts(36,5): error TS2304: Cannot find name 'expect'.
functions/src/__tests__/whatsapp-agent.test.ts(39,3): error TS2593: Cannot find name 'test'. Do you need to install type definitions for a test runner? Try `npm i --save-dev @types/jest` or `npm i --save-dev @types/mocha` and then add 'jest' or 'mocha' to the types field in your tsconfig.
functions/src/__tests__/whatsapp-agent.test.ts(41,5): error TS2304: Cannot find name 'expect'.
functions/src/__tests__/whatsapp-agent.test.ts(44,3): error TS2593: Cannot find name 'test'. Do you need to install type definitions for a test runner? Try `npm i --save-dev @types/jest` or `npm i --save-dev @types/mocha` and then add 'jest' or 'mocha' to the types field in your tsconfig.
functions/src/__tests__/whatsapp-agent.test.ts(45,5): error TS2304: Cannot find name 'expect'.
functions/src/__tests__/whatsapp-agent.test.ts(48,3): error TS2593: Cannot find name 'test'. Do you need to install type definitions for a test runner? Try `npm i --save-dev @types/jest` or `npm i --save-dev @types/mocha` and then add 'jest' or 'mocha' to the types field in your tsconfig.
functions/src/__tests__/whatsapp-agent.test.ts(49,5): error TS2304: Cannot find name 'expect'.
functions/src/__tests__/whatsapp-agent.test.ts(52,3): error TS2593: Cannot find name 'test'. Do you need to install type definitions for a test runner? Try `npm i --save-dev @types/jest` or `npm i --save-dev @types/mocha` and then add 'jest' or 'mocha' to the types field in your tsconfig.
functions/src/__tests__/whatsapp-agent.test.ts(53,5): error TS2304: Cannot find name 'expect'.
functions/src/__tests__/whatsapp-agent.test.ts(56,3): error TS2593: Cannot find name 'test'. Do you need to install type definitions for a test runner? Try `npm i --save-dev @types/jest` or `npm i --save-dev @types/mocha` and then add 'jest' or 'mocha' to the types field in your tsconfig.
functions/src/__tests__/whatsapp-agent.test.ts(57,5): error TS2304: Cannot find name 'expect'.
functions/src/__tests__/whatsapp-agent.test.ts(63,1): error TS2593: Cannot find name 'describe'. Do you need to install type definitions for a test runner? Try `npm i --save-dev @types/jest` or `npm i --save-dev @types/mocha` and then add 'jest' or 'mocha' to the types field in your tsconfig.
functions/src/__tests__/whatsapp-agent.test.ts(64,3): error TS2593: Cannot find name 'test'. Do you need to install type definitions for a test runner? Try `npm i --save-dev @types/jest` or `npm i --save-dev @types/mocha` and then add 'jest' or 'mocha' to the types field in your tsconfig.
functions/src/__tests__/whatsapp-agent.test.ts(65,5): error TS2304: Cannot find name 'expect'.
functions/src/__tests__/whatsapp-agent.test.ts(68,3): error TS2593: Cannot find name 'test'. Do you need to install type definitions for a test runner? Try `npm i --save-dev @types/jest` or `npm i --save-dev @types/mocha` and then add 'jest' or 'mocha' to the types field in your tsconfig.
functions/src/__tests__/whatsapp-agent.test.ts(71,5): error TS2304: Cannot find name 'expect'.
functions/src/__tests__/whatsapp-agent.test.ts(74,3): error TS2593: Cannot find name 'test'. Do you need to install type definitions for a test runner? Try `npm i --save-dev @types/jest` or `npm i --save-dev @types/mocha` and then add 'jest' or 'mocha' to the types field in your tsconfig.
functions/src/__tests__/whatsapp-agent.test.ts(77,5): error TS2304: Cannot find name 'expect'.
functions/src/__tests__/whatsapp-agent.test.ts(83,1): error TS2593: Cannot find name 'describe'. Do you need to install type definitions for a test runner? Try `npm i --save-dev @types/jest` or `npm i --save-dev @types/mocha` and then add 'jest' or 'mocha' to the types field in your tsconfig.
functions/src/__tests__/whatsapp-agent.test.ts(84,3): error TS2593: Cannot find name 'test'. Do you need to install type definitions for a test runner? Try `npm i --save-dev @types/jest` or `npm i --save-dev @types/mocha` and then add 'jest' or 'mocha' to the types field in your tsconfig.
functions/src/__tests__/whatsapp-agent.test.ts(87,5): error TS2304: Cannot find name 'expect'.
functions/src/__tests__/whatsapp-agent.test.ts(90,3): error TS2593: Cannot find name 'test'. Do you need to install type definitions for a test runner? Try `npm i --save-dev @types/jest` or `npm i --save-dev @types/mocha` and then add 'jest' or 'mocha' to the types field in your tsconfig.
functions/src/__tests__/whatsapp-agent.test.ts(104,5): error TS2304: Cannot find name 'expect'.
functions/src/__tests__/whatsapp-agent.test.ts(107,3): error TS2593: Cannot find name 'test'. Do you need to install type definitions for a test runner? Try `npm i --save-dev @types/jest` or `npm i --save-dev @types/mocha` and then add 'jest' or 'mocha' to the types field in your tsconfig.
functions/src/__tests__/whatsapp-agent.test.ts(117,5): error TS2304: Cannot find name 'expect'.
functions/src/__tests__/whatsapp-agent.test.ts(118,5): error TS2304: Cannot find name 'expect'.
functions/src/__tests__/whatsapp-agent.test.ts(119,5): error TS2304: Cannot find name 'expect'.
functions/src/__tests__/whatsapp-agent.test.ts(120,5): error TS2304: Cannot find name 'expect'.
functions/src/__tests__/whatsapp-agent.test.ts(121,5): error TS2304: Cannot find name 'expect'.
functions/src/__tests__/whatsapp-agent.test.ts(122,5): error TS2304: Cannot find name 'expect'.
functions/src/__tests__/whatsapp-agent.test.ts(123,5): error TS2304: Cannot find name 'expect'.
functions/src/__tests__/whatsapp-agent.test.ts(129,1): error TS2593: Cannot find name 'describe'. Do you need to install type definitions for a test runner? Try `npm i --save-dev @types/jest` or `npm i --save-dev @types/mocha` and then add 'jest' or 'mocha' to the types field in your tsconfig.
functions/src/__tests__/whatsapp-agent.test.ts(132,3): error TS2593: Cannot find name 'test'. Do you need to install type definitions for a test runner? Try `npm i --save-dev @types/jest` or `npm i --save-dev @types/mocha` and then add 'jest' or 'mocha' to the types field in your tsconfig.
functions/src/__tests__/whatsapp-agent.test.ts(136,5): error TS2304: Cannot find name 'expect'.
functions/src/__tests__/whatsapp-agent.test.ts(139,3): error TS2593: Cannot find name 'test'. Do you need to install type definitions for a test runner? Try `npm i --save-dev @types/jest` or `npm i --save-dev @types/mocha` and then add 'jest' or 'mocha' to the types field in your tsconfig.
functions/src/__tests__/whatsapp-agent.test.ts(142,5): error TS2304: Cannot find name 'expect'.
functions/src/__tests__/whatsapp-agent.test.ts(145,3): error TS2593: Cannot find name 'test'. Do you need to install type definitions for a test runner? Try `npm i --save-dev @types/jest` or `npm i --save-dev @types/mocha` and then add 'jest' or 'mocha' to the types field in your tsconfig.
functions/src/__tests__/whatsapp-agent.test.ts(148,5): error TS2304: Cannot find name 'expect'.
functions/src/__tests__/whatsapp-agent.test.ts(154,1): error TS2593: Cannot find name 'describe'. Do you need to install type definitions for a test runner? Try `npm i --save-dev @types/jest` or `npm i --save-dev @types/mocha` and then add 'jest' or 'mocha' to the types field in your tsconfig.
functions/src/__tests__/whatsapp-agent.test.ts(174,3): error TS2593: Cannot find name 'test'. Do you need to install type definitions for a test runner? Try `npm i --save-dev @types/jest` or `npm i --save-dev @types/mocha` and then add 'jest' or 'mocha' to the types field in your tsconfig.
functions/src/__tests__/whatsapp-agent.test.ts(180,5): error TS2304: Cannot find name 'expect'.
functions/src/__tests__/whatsapp-agent.test.ts(183,3): error TS2593: Cannot find name 'test'. Do you need to install type definitions for a test runner? Try `npm i --save-dev @types/jest` or `npm i --save-dev @types/mocha` and then add 'jest' or 'mocha' to the types field in your tsconfig.
functions/src/__tests__/whatsapp-agent.test.ts(189,5): error TS2304: Cannot find name 'expect'.
functions/src/__tests__/whatsapp-agent.test.ts(192,3): error TS2593: Cannot find name 'test'. Do you need to install type definitions for a test runner? Try `npm i --save-dev @types/jest` or `npm i --save-dev @types/mocha` and then add 'jest' or 'mocha' to the types field in your tsconfig.
functions/src/__tests__/whatsapp-agent.test.ts(199,5): error TS2304: Cannot find name 'expect'.
functions/src/__tests__/whatsapp-agent.test.ts(202,3): error TS2593: Cannot find name 'test'. Do you need to install type definitions for a test runner? Try `npm i --save-dev @types/jest` or `npm i --save-dev @types/mocha` and then add 'jest' or 'mocha' to the types field in your tsconfig.
functions/src/__tests__/whatsapp-agent.test.ts(209,5): error TS2304: Cannot find name 'expect'.
functions/src/__tests__/whatsapp-agent.test.ts(212,3): error TS2593: Cannot find name 'test'. Do you need to install type definitions for a test runner? Try `npm i --save-dev @types/jest` or `npm i --save-dev @types/mocha` and then add 'jest' or 'mocha' to the types field in your tsconfig.
functions/src/__tests__/whatsapp-agent.test.ts(219,5): error TS2304: Cannot find name 'expect'.
functions/src/__tests__/whatsapp-agent.test.ts(225,1): error TS2593: Cannot find name 'describe'. Do you need to install type definitions for a test runner? Try `npm i --save-dev @types/jest` or `npm i --save-dev @types/mocha` and then add 'jest' or 'mocha' to the types field in your tsconfig.
functions/src/__tests__/whatsapp-agent.test.ts(226,3): error TS2593: Cannot find name 'test'. Do you need to install type definitions for a test runner? Try `npm i --save-dev @types/jest` or `npm i --save-dev @types/mocha` and then add 'jest' or 'mocha' to the types field in your tsconfig.
functions/src/__tests__/whatsapp-agent.test.ts(228,5): error TS2304: Cannot find name 'expect'.
functions/src/__tests__/whatsapp-agent.test.ts(231,3): error TS2593: Cannot find name 'test'. Do you need to install type definitions for a test runner? Try `npm i --save-dev @types/jest` or `npm i --save-dev @types/mocha` and then add 'jest' or 'mocha' to the types field in your tsconfig.
functions/src/__tests__/whatsapp-agent.test.ts(235,5): error TS2304: Cannot find name 'expect'.
functions/src/__tests__/whatsapp-agent.test.ts(238,3): error TS2593: Cannot find name 'test'. Do you need to install type definitions for a test runner? Try `npm i --save-dev @types/jest` or `npm i --save-dev @types/mocha` and then add 'jest' or 'mocha' to the types field in your tsconfig.
functions/src/__tests__/whatsapp-agent.test.ts(242,5): error TS2304: Cannot find name 'expect'.
functions/src/__tests__/whatsapp-agent.test.ts(248,1): error TS2593: Cannot find name 'describe'. Do you need to install type definitions for a test runner? Try `npm i --save-dev @types/jest` or `npm i --save-dev @types/mocha` and then add 'jest' or 'mocha' to the types field in your tsconfig.
functions/src/__tests__/whatsapp-agent.test.ts(255,3): error TS2593: Cannot find name 'test'. Do you need to install type definitions for a test runner? Try `npm i --save-dev @types/jest` or `npm i --save-dev @types/mocha` and then add 'jest' or 'mocha' to the types field in your tsconfig.
functions/src/__tests__/whatsapp-agent.test.ts(258,5): error TS2304: Cannot find name 'expect'.
functions/src/__tests__/whatsapp-agent.test.ts(261,3): error TS2593: Cannot find name 'test'. Do you need to install type definitions for a test runner? Try `npm i --save-dev @types/jest` or `npm i --save-dev @types/mocha` and then add 'jest' or 'mocha' to the types field in your tsconfig.
functions/src/__tests__/whatsapp-agent.test.ts(264,5): error TS2304: Cannot find name 'expect'.
functions/src/__tests__/whatsapp-agent.test.ts(267,3): error TS2593: Cannot find name 'test'. Do you need to install type definitions for a test runner? Try `npm i --save-dev @types/jest` or `npm i --save-dev @types/mocha` and then add 'jest' or 'mocha' to the types field in your tsconfig.
functions/src/__tests__/whatsapp-agent.test.ts(270,5): error TS2304: Cannot find name 'expect'.
src/hooks/__tests__/booking.test.ts(3,28): error TS2307: Cannot find module '../useBooking' or its corresponding type declarations.
